

   â•­â”€â”€â”€â”€â”€â”€â”€â”€â”€â”€â”€â”€â”€â”€â”€â”€â”€â”€â”€â”€â”€â”€â”€â”€â”€â”€â”€â”€â”€â”€â”€â”€â”€â”€â”€â”€â”€â”€â”€â”€â”€â”€â”€â”€â”€â•®
   â”‚                                             â”‚
   â”‚   Nuxt.js v2.11.0                           â”‚
   â”‚   Running in    â”‚   Running in iv   â”‚   Running in    â”‚   Running in iv   â”‚   Running in    â”‚   Running in iv   â”‚   Running in    â”‚00   â”‚   Running‚    â”‚   Running in    â”‚   Running in iv   â”‚   Running in    â”‚   Running in iv   â”‚   Running in    â”‚   Running in iv   â”‚   Running in    â”‚00”€   â”‚   Running in    â”‚   Running in iv   â”‚   Running in    â”‚lo   â”‚   Runnin      â”‚   Running in    â”‚   Running in iv   â”‚   Running in    â”‚   Running in iv   â”‚   Running in    â”‚   Running      â”‚   Running in    â”‚   Running in iv  ed                                                                 â”‚   Running in    â”‚  generated                                                                 16:00:22

ââââââient
  Compiled successfully in 32.13s

âœ” Server
  Compiled successfully in 28.70s


 WARN  Compiled with 2 warnings                                        friendly-errors 16:00:58


 WARN  in ./node_modules/vue-datetime/dist/vue-datetime.js             friendly-errors 16:00:58

Module not found: Error: Can't resolve 'weekstart' in '/Users/irff/Desktop/paralanube/OneDrive/kode-mia/Event-u/Desarrollo/front-end-master/event-u/node_modules/vue-datetime/dist'
                                                                       friendly-errors 16:00:58

 WARN  in ./node_modules/vue-datetime/dist/vue-datetime.js             friendly-errors 16:00:58

Module not found: Error: Can't resolve 'weekstart/package.json' in '/Users/irff/Desktop/paralanube/OneDrive/kode-mia/Event-u/Desarrollo/front-end-master/event-u/node_modules/vue-datetime/dist'
                                                                       friendly-errors 16:00:58
â„¹ Waiting for file changes                                                             16:00:58
â„¹ Memory usage: 190 MB (RSS: 325 MB)                                                   16:00:58

 WARN  Classic mode for store/ is deprecated and will be removed in Nuxt 3.            16:00:59


 WARN  Classic mode for store/ is deprecated and will be removed in Nuxt 3.            16:01:10


 WARN  Classic mode for store/ is deprecated and will be removed in Nuxt 3.            16:01:19


 WARN  Classic mode for store/ is deprecated and will be removed in Nuxt 3.            16:01:25


 WARN  Classic mode for store/ is deprecated and will be removed in Nuxt 3.            16:01:39


 WARN  Classic mode for store/ is deprecated and will be removed in Nuxt 3.            16:50:44


 ERROR  [Vue warn]: Error in render: "TypeError: Cannot read property 'name' of undefined"

found in

---> <Task> at pages/planner/organizador/_id.vue
       <Organizador> at pages/planner/organizador.vue
         <Nuxt>
           <Default> at layouts/default.vue
             <Root>


 WARN  Classic mode for store/ is deprecated and will be removed in Nuxt 3.            16:50:47


 WARN  Classic mode for store/ is deprecated and will be removed in Nuxt 3.            16:51:47


 WARN  Classic mode for store/ is deprecated and will be removed in Nuxt 3.            17:21:04


 WARN  Classic mode for store/ is deprecated and will be removed in Nuxt 3.            17:55:05


 WARN  Classic mode for store/ is deprecated and will be removed in Nuxt 3. (repeated 1 times)


 WARN  Classic mode for store/ is deprecated and will be removed in Nuxt 3.            17:55:23

â†» Updated lib/default-board.js                                                         17:57:26

âœ” Client
  Compiled successfully in 4.21s

âœ” Server
  Compiled successfully in 2.93s


 WARN  Compiled with 2 warnings                                        friendly-errors 17:57:32


 WARN  in ./node_modules/vue-datetime/dist/vue-datetime.js             friendly-errors 17:57:32

Module not found: Error: Can't resolve 'weekstart' in '/Users/irff/Desktop/paralanube/OneDrive/kode-mia/Event-u/Desarrollo/front-end-master/event-u/node_modules/vue-datetime/dist'
                                                                       friendly-errors 17:57:32

 WARN  in ./node_modules/vue-datetime/dist/vue-datetime.js             friendly-errors 17:57:32

Module not found: Error: Can't resolve 'weekstart/package.json' in '/Users/irff/Desktop/paralanube/OneDrive/kode-mia/Event-u/Desarrollo/front-end-master/event-u/node_modules/vue-datetime/dist'
                                                                       friendly-errors 17:57:32

 WARN  Classic mode for store/ is deprecated and will be removed in Nuxt 3.            17:57:32


 WARN  Classic mode for store/ is deprecated and will be removed in Nuxt 3. (repeated 1 times)


 WARN  Classic mode for store/ is deprecated and will be removed in Nuxt 3.            17:57:49

â†» Updated lib/default-board.js                                                         17:59:40

âœ” Client
  Compiled successfully in 1.60s

âœ” Server
  Compiled successfully in 865.80ms


 WARN  Compiled with 2 warnings                                        friendly-errors 17:59:43


 WARN  in ./node_modules/vue-datetime/dist/vue-datetime.js             friendly-errors 17:59:43

Module not found: Error: Can't resolve 'weekstart' in '/Users/irff/Desktop/paralanube/OneDrive/kode-mia/Event-u/Desarrollo/front-end-master/event-u/node_modules/vue-datetime/dist'
                                                                       friendly-errors 17:59:43

 WARN  in ./node_modules/vue-datetime/dist/vue-datetime.js             friendly-errors 17:59:43

Module not found: Error: Can't resolve 'weekstart/package.json' in '/Users/irff/Desktop/paralanube/OneDrive/kode-mia/Event-u/Desarrollo/front-end-master/event-u/node_modules/vue-datetime/dist'
                                                                       friendly-errors 17:59:43

 WARN  Classic mode for store/ is deprecated and will be removed in Nuxt 3.            17:59:44


 WARN  Classic mode for store/ is deprecated and will be removed in Nuxt 3. (repeated 1 times)


 WARN  Classic mode for store/ is deprecated and will be removed in Nuxt 3.            17:59:49


 WARN  Classic mode for store/ is deprecated and will be removed in Nuxt 3.            18:04:24

^C


irff@MacBook-Air-de-Irving event-u % npm i

> fsevents@1.2.11 install /Users/irff/Desktop/paralanube/OneDrive/kode-mia/Event-u/Desarrollo/front-end-master/event-u/node_modules/watchpack/node_modules/fsevents
> node-gyp rebuild

No receipt for 'com.apple.pkg.CLTools_Executables' found at '/'.

No receipt for 'com.apple.pkg.DeveloperToolsCLILeo' found at '/'.

No receipt for 'com.apple.pkg.DeveloperToolsCLI' found at '/'.

gyp: No Xcode or CLT version detected!
gyp ERR! configure error 
gyp ERR! stack Error: `gyp` failed with exit code: 1
gyp ERR! stack     at ChildProcess.onCpExit (/usr/local/lib/node_modules/npm/node_modules/node-gyp/lib/configure.js:351:16)
gyp ERR! stack     at ChildProcess.emit (events.js:198:13)
gyp ERR! stack     at Process.ChildProcess._handle.onexit (internal/child_process.js:248:12)
gyp ERR! System Darwin 19.3.0
gyp ERR! command "/usr/local/bin/node" "/usr/local/lib/node_modules/npm/node_modules/node-gyp/bin/node-gyp.js" "rebuild"
gyp ERR! cwd /Users/irff/Desktop/paralanube/OneDrive/kode-mia/Event-u/Desarrollo/front-end-master/event-u/node_modules/watchpack/node_modules/fsevents
gyp ERR! node -v v10.16.0
gyp ERR! node-gyp -v v5.0.5
gyp ERR! not ok 
npm WARN vue-datetime@1.0.0-beta.11 requires a peer of weekstart@^1.0.0 but none is installed. You must install peer dependencies yourself.
npm WARN optional SKIPPING OPTIONAL DEPENDENCY: fsevents@1.2.11 (node_modules/watchpack/node_modules/fsevents):
npm WARN optional SKIPPING OPTIONAL DEPENDENCY: fsevents@1.2.11 install: `node-gyp rebuild`
npm WARN optional SKIPPING OPTIONAL DEPENDENCY: Exit status 1

audited 10398 packages in 32.585s

37 packages are looking for funding
  run `npm fund` for details

found 43 moderate severity vulnerabilities
  run `npm audit fix` to fix them, or `npm audit` for details
irff@MacBook-Air-de-Irving event-u % npm install @nuxtjs/google-analytics  

> fsevents@1.2.11 install /Users/irff/Desktop/paralanube/OneDrive/kode-mia/Event-u/Desarrollo/front-end-master/event-u/node_modules/watchpack/node_modules/fsevents
> node-gyp rebuild

No receipt for 'com.apple.pkg.CLTools_Executables' found at '/'.

No receipt for 'com.apple.pkg.DeveloperToolsCLILeo' found at '/'.

No receipt for 'com.apple.pkg.DeveloperToolsCLI' found at '/'.

gyp: No Xcode or CLT version detected!
gyp ERR! configure error 
gyp ERR! stack Error: `gyp` failed with exit code: 1
gyp ERR! stack     at ChildProcess.onCpExit (/usr/local/lib/node_modules/npm/node_modules/node-gyp/lib/configure.js:351:16)
gyp ERR! stack     at ChildProcess.emit (events.js:198:13)
gyp ERR! stack     at Process.ChildProcess._handle.onexit (internal/child_process.js:248:12)
gyp ERR! System Darwin 19.3.0
gyp ERR! command "/usr/local/bin/node" "/usr/local/lib/node_modules/npm/node_modules/node-gyp/bin/node-gyp.js" "rebuild"
gyp ERR! cwd /Users/irff/Desktop/paralanube/OneDrive/kode-mia/Event-u/Desarrollo/front-end-master/event-u/node_modules/watchpack/node_modules/fsevents
gyp ERR! node -v v10.16.0
gyp ERR! node-gyp -v v5.0.5
gyp ERR! not ok 
npm WARN vue-datetime@1.0.0-beta.11 requires a peer of weekstart@^1.0.0 but none is installed. You must install peer dependencies yourself.
npm WARN optional SKIPPING OPTIONAL DEPENDENCY: fsevents@1.2.11 (node_modules/watchpack/node_modules/fsevents):
npm WARN optional SKIPPING OPTIONAL DEPENDENCY: fsevents@1.2.11 install: `node-gyp rebuild`
npm WARN optional SKIPPING OPTIONAL DEPENDENCY: Exit status 1

+ @nuxtjs/google-analytics@2.2.3
added 2 packages from 1 contributor and audited 10400 packages in 29.278s

37 packages are looking for funding
  run `npm fund` for details

found 43 moderate severity vulnerabilities
  run `npm audit fix` to fix them, or `npm audit` for details
irff@MacBook-Air-de-Irving event-u % git add .
irff@MacBook-Air-de-Irving event-u % git commit -m "adding Google Analytics as a dependency"
[master 3b634c6] adding Google Analytics as a dependency
 2 files changed, 14 insertions(+)
irff@MacBook-Air-de-Irving event-u % git push origin master
Enumerating objects: 9, done.
Counting objects: 100% (9/9), done.
Delta compression using up to 4 threads
Compressing objects: 100% (5/5), done.
Writing objects: 100% (5/5), 797 bytes | 797.00 KiB/s, done.
Total 5 (delta 4), reused 0 (delta 0)
remote: Resolving deltas: 100% (4/4), completed with 4 local objects.
remote: 
remote: GitHub found 1 vulnerability on Event-U/front-end-master's default branch (1 moderate). To find out more, visit:
remote:      https://github.com/Event-U/front-end-master/network/alerts
remote: 
To https://github.com/Event-U/front-end-master.git
   f1a89ba..3b634c6  master -> master
irff@MacBook-Air-de-Irving event-u % cd ..
irff@MacBook-Air-de-Irving front-end-master % git add .
irff@MacBook-Air-de-Irving front-end-master % git commit -m 'Adding Google Analytics as a dependencie '
On branch master
Your branch is up to date with 'origin/master'.

nothing to commit, working tree clean
irff@MacBook-Air-de-Irving front-end-master % git push origin master
Everything up-to-date
irff@MacBook-Air-de-Irving front-end-master % npm install @nuxtjs/google-analytics npm WARN saveError ENOENT: no such file or directory, open '/Users/irff/Desktop/paralanube/OneDrive/kode-mia/Event-u/Desarrollo/front-end-master/package.json'
npm WARN enoent ENOENT: no such file or directory, open '/Users/irff/Desktop/paralanube/OneDrive/kode-mia/Event-u/Desarrollo/front-end-master/package.json'
npm WARN sass-loader@8.0.2 requires a peer of webpack@^4.36.0 || ^5.0.0 but none is installed. You must install peer dependencies yourself.
npm WARN front-end-master No description
npm WARN front-end-master No repository field.
npm WARN front-end-master No README data
npm WARN front-end-master No license field.

+ @nuxtjs/google-analytics@2.2.3
updated 1 package and audited 1824 packages in 5.284s

5 packages are looking for funding
  run `npm fund` for details

found 20 moderate severity vulnerabilities
  run `npm audit fix` to fix them, or `npm audit` for details
irff@MacBook-Air-de-Irving front-end-master % git add .
irff@MacBook-Air-de-Irving front-end-master % git commit -m "Adding a name in Vuex"
[master f1b9405] Adding a name in Vuex
 1 file changed, 1 insertion(+), 1 deletion(-)
irff@MacBook-Air-de-Irving front-end-master % npm run dev
npm ERR! code ENOENT
npm ERR! syscall open
npm ERR! path /Users/irff/Desktop/paralanube/OneDrive/kode-mia/Event-u/Desarrollo/front-end-master/package.json
npm ERR! errno -2
npm ERR! enoent ENOENT: no such file or directory, open '/Users/irff/Desktop/paralanube/OneDrive/kode-mia/Event-u/Desarrollo/front-end-master/package.json'
npm ERR! enoent This is related to npm not being able to find a file.
npm ERR! enoent 

npm ERR! A complete log of this run can be found in:
npm ERR!     /Users/irff/.npm/_logs/2020-03-18T02_04_06_515Z-debug.log
irff@MacBook-Air-de-Irving front-end-master % git push origin master
Enumerating objects: 11, done.
Counting objects: 100% (11/11), done.
Delta compression using up to 4 threads
Compressing objects: 100% (6/6), done.
Writing objects: 100% (6/6), 505 bytes | 505.00 KiB/s, done.
Total 6 (delta 5), reused 0 (delta 0)
remote: Resolving deltas: 100% (5/5), completed with 5 local objects.
remote: 
remote: GitHub found 3 vulnerabilities on Event-U/front-end-master's default branch (3 moderate). To find out more, visit:
remote:      https://github.com/Event-U/front-end-master/network/alerts
remote: 
To https://github.com/Event-U/front-end-master.git
   3b634c6..f1b9405  master -> master
irff@MacBook-Air-de-Irving front-end-master % npm install @nuxtjs/google-analytics irff@MacBook-Air-de-Irving front-end-master % npm run dev
npm ERR! code ENOENT
npm ERR! syscall open
npm ERR! path /Users/irff/Desktop/paralanube/OneDrive/kode-mia/Event-u/Desarrollo/front-end-master/package.json
npm ERR! errno -2
npm ERR! enoent ENOENT: no such file or directory, open '/Users/irff/Desktop/paralanube/OneDrive/kode-mia/Event-u/Desarrollo/front-end-master/package.json'
npm ERR! enoent This is related to npm not being able to find a file.
npm ERR! enoent 

npm ERR! A complete log of this run can be found in:npm ERR!     /Users/irff/.npm/_logs/2020-03-17T21_59_52_614Z-debug.log
irff@MacBook-Air-de-Irving front-end-master % cd event-u 
irff@MacBook-Air-de-Irving event-u % npm run dev

> event-u@1.0.0 dev /Users/irff/Desktop/paralanube/OneDrive/kode-mia/Event-u/Desarrollo/front-end-master/event-u
> nuxt


   â•­â”€â”€â”€â”€â”€â”€â”€â”€â”€â”€â”€â”€â”€â”€â”€â”€â”€â”€â”€â”€â”€â”€â”€â”€â”€â”€â”€â”€â”€â”€â”€â”€â”€â”€â”€â”€â”€â”€â”€â”€â”€â”€â”€â”€â”€â•®
   â”‚                                             â”‚
   â”‚   Nuxt.js v2.11.0                           â”‚
   â”‚   Running in development mode (universal)   â”‚
   â”‚                                             â”‚
   â”‚   Listening on: http://localhost:3000/      â”‚
   â”‚                                             â”‚
   â•°â”€â”€â”€â”€â”€â”€â”€â”€â”€â”€â”€â”€â”€â”€â”€â”€â”€â”€â”€â”€â”€â”€â”€â”€â”€â”€â”€â”€â”€â”€â”€â”€â”€â”€â”€â”€â”€â”€â”€â”€â”€â”€â”€â”€â”€â•¯

â„¹ Preparing project for development                                                    16:00:22
â„¹ Initial build may take a while                                                       16:00:22
âœ” Builder initialized                                                                  16:00:22
âœ” Nuxt files generated                                                                 16:00:22

âœ” Client
  Compiled successfully in 32.13s

âœ” Server
  Compiled successfully in 28.70s


 WARN  Compiled with 2 warnings                                        friendly-errors 16:00:58


 WARN  in ./node_modules/vue-datetime/dist/vue-datetime.js             friendly-errors 16:00:58

Module not found: Error: Can't resolve 'weekstart' in '/Users/irff/Desktop/paralanube/OneDrive/kode-mia/Event-u/Desarrollo/front-end-master/event-u/node_modules/vue-datetime/dist'
                                                                       friendly-errors 16:00:58

 WARN  in ./node_modules/vue-datetime/dist/vue-datetime.js             friendly-errors 16:00:58

Module not found: Error: Can't resolve 'weekstart/package.json' in '/Users/irff/Desktop/paralanube/OneDrive/kode-mia/Event-u/Desarrollo/front-end-master/event-u/node_modules/vue-datetime/dist'
                                                                       friendly-errors 16:00:58
â„¹ Waiting for file changes                                                             16:00:58
â„¹ Memory usage: 190 MB (RSS: 325 MB)                                                   16:00:58

 WARN  Classic mode for store/ is deprecated and will be removed in Nuxt 3.            16:00:59


 WARN  Classic mode for store/ is deprecated and will be removed in Nuxt 3.            16:01:10


 WARN  Classic mode for store/ is deprecated and will be removed in Nuxt 3.            16:01:19


 WARN  Classic mode for store/ is deprecated and will be removed in Nuxt 3.            16:01:25


 WARN  Classic mode for store/ is deprecated and will be removed in Nuxt 3.            16:01:39


 WARN  Classic mode for store/ is deprecated and will be removed in Nuxt 3.            16:50:44


 ERROR  [Vue warn]: Error in render: "TypeError: Cannot read property 'name' of undefined"

found in

---> <Task> at pages/planner/organizador/_id.vue
       <Organizador> at pages/planner/organizador.vue
         <Nuxt>
           <Default> at layouts/default.vue
             <Root>


 WARN  Classic mode for store/ is deprecated and will be removed in Nuxt 3.            16:50:47


 WARN  Classic mode for store/ is deprecated and will be removed in Nuxt 3.            16:51:47


 WARN  Classic mode for store/ is deprecated and will be removed in Nuxt 3.            17:21:04


 WARN  Classic mode for store/ is deprecated and will be removed in Nuxt 3.            17:55:05


 WARN  Classic mode for store/ is deprecated and will be removed in Nuxt 3. (repeated 1 times)


 WARN  Classic mode for store/ is deprecated and will be removed in Nuxt 3.            17:55:23

â†» Updated lib/default-board.js                                                         17:57:26

âœ” Client
  Compiled successfully in 4.21s

âœ” Server
  Compiled successfully in 2.93s


 WARN  Compiled with 2 warnings                                        friendly-errors 17:57:32


 WARN  in ./node_modules/vue-datetime/dist/vue-datetime.js             friendly-errors 17:57:32

Module not found: Error: Can't resolve 'weekstart' in '/Users/irff/Desktop/paralanube/OneDrive/kode-mia/Event-u/Desarrollo/front-end-master/event-u/node_modules/vue-datetime/dist'
                                                                       friendly-errors 17:57:32

 WARN  in ./node_modules/vue-datetime/dist/vue-datetime.js             friendly-errors 17:57:32

Module not found: Error: Can't resolve 'weekstart/package.json' in '/Users/irff/Desktop/paralanube/OneDrive/kode-mia/Event-u/Desarrollo/front-end-master/event-u/node_modules/vue-datetime/dist'
                                                                       friendly-errors 17:57:32

 WARN  Classic mode for store/ is deprecated and will be removed in Nuxt 3.            17:57:32


 WARN  Classic mode for store/ is deprecated and will be removed in Nuxt 3. (repeated 1 times)


 WARN  Classic mode for store/ is deprecated and will be removed in Nuxt 3.            17:57:49

â†» Updated lib/default-board.js                                                         17:59:40

âœ” Client
  Compiled successfully in 1.60s

âœ” Server
  Compiled successfully in 865.80ms


 WARN  Compiled with 2 warnings                                        friendly-errors 17:59:43


 WARN  in ./node_modules/vue-datetime/dist/vue-datetime.js             friendly-errors 17:59:43

Module not found: Error: Can't resolve 'weekstart' in '/Users/irff/Desktop/paralanube/OneDrive/kode-mia/Event-u/Desarrollo/front-end-master/event-u/node_modules/vue-datetime/dist'
                                                                       friendly-errors 17:59:43

 WARN  in ./node_modules/vue-datetime/dist/vue-datetime.js             friendly-errors 17:59:43

Module not found: Error: Can't resolve 'weekstart/package.json' in '/Users/irff/Desktop/paralanube/OneDrive/kode-mia/Event-u/Desarrollo/front-end-master/event-u/node_modules/vue-datetime/dist'
                                                                       friendly-errors 17:59:43

 WARN  Classic mode for store/ is deprecated and will be removed in Nuxt 3.            17:59:44


 WARN  Classic mode for store/ is deprecated and will be removed in Nuxt 3. (repeated 1 times)


 WARN  Classic mode for store/ is deprecated and will be removed in Nuxt 3.            17:59:49


 WARN  Classic mode for store/ is deprecated and will be removed in Nuxt 3.            18:04:24

^C


irff@MacBook-Air-de-Irving event-u % npm i

> fsevents@1.2.11 install /Users/irff/Desktop/paralanube/OneDrive/kode-mia/Event-u/Desarrollo/front-end-master/event-u/node_modules/watchpack/node_modules/fsevents
> node-gyp rebuild

No receipt for 'com.apple.pkg.CLTools_Executables' found at '/'.

No receipt for 'com.apple.pkg.DeveloperToolsCLILeo' found at '/'.

No receipt for 'com.apple.pkg.DeveloperToolsCLI' found at '/'.

gyp: No Xcode or CLT version detected!
gyp ERR! configure error 
gyp ERR! stack Error: `gyp` failed with exit code: 1
gyp ERR! stack     at ChildProcess.onCpExit (/usr/local/lib/node_modules/npm/node_modules/node-gyp/lib/configure.js:351:16)
gyp ERR! stack     at ChildProcess.emit (events.js:198:13)
gyp ERR! stack     at Process.ChildProcess._handle.onexit (internal/child_process.js:248:12)
gyp ERR! System Darwin 19.3.0
gyp ERR! command "/usr/local/bin/node" "/usr/local/lib/node_modules/npm/node_modules/node-gyp/bin/node-gyp.js" "rebuild"
gyp ERR! cwd /Users/irff/Desktop/paralanube/OneDrive/kode-mia/Event-u/Desarrollo/front-end-master/event-u/node_modules/watchpack/node_modules/fsevents
gyp ERR! node -v v10.16.0
gyp ERR! node-gyp -v v5.0.5
gyp ERR! not ok 
npm WARN vue-datetime@1.0.0-beta.11 requires a peer of weekstart@^1.0.0 but none is installed. You must install peer dependencies yourself.
npm WARN optional SKIPPING OPTIONAL DEPENDENCY: fsevents@1.2.11 (node_modules/watchpack/node_modules/fsevents):
npm WARN optional SKIPPING OPTIONAL DEPENDENCY: fsevents@1.2.11 install: `node-gyp rebuild`
npm WARN optional SKIPPING OPTIONAL DEPENDENCY: Exit status 1

audited 10398 packages in 32.585s

37 packages are looking for funding
  run `npm fund` for details

found 43 moderate severity vulnerabilities
  run `npm audit fix` to fix them, or `npm audit` for details
irff@MacBook-Air-de-Irving event-u % npm install @nuxtjs/google-analytics  

> fsevents@1.2.11 install /Users/irff/Desktop/paralanube/OneDrive/kode-mia/Event-u/Desarrollo/front-end-master/event-u/node_modules/watchpack/node_modules/fsevents
> node-gyp rebuild

No receipt for 'com.apple.pkg.CLTools_Executables' found at '/'.

No receipt for 'com.apple.pkg.DeveloperToolsCLILeo' found at '/'.

No receipt for 'com.apple.pkg.DeveloperToolsCLI' found at '/'.

gyp: No Xcode or CLT version detected!
gyp ERR! configure error 
gyp ERR! stack Error: `gyp` failed with exit code: 1
gyp ERR! stack     at ChildProcess.onCpExit (/usr/local/lib/node_modules/npm/node_modules/node-gyp/lib/configure.js:351:16)
gyp ERR! stack     at ChildProcess.emit (events.js:198:13)
gyp ERR! stack     at Process.ChildProcess._handle.onexit (internal/child_process.js:248:12)
gyp ERR! System Darwin 19.3.0
gyp ERR! command "/usr/local/bin/node" "/usr/local/lib/node_modules/npm/node_modules/node-gyp/bin/node-gyp.js" "rebuild"
gyp ERR! cwd /Users/irff/Desktop/paralanube/OneDrive/kode-mia/Event-u/Desarrollo/front-end-master/event-u/node_modules/watchpack/node_modules/fsevents
gyp ERR! node -v v10.16.0
gyp ERR! node-gyp -v v5.0.5
gyp ERR! not ok 
npm WARN vue-datetime@1.0.0-beta.11 requires a peer of weekstart@^1.0.0 but none is installed. You must install peer dependencies yourself.
npm WARN optional SKIPPING OPTIONAL DEPENDENCY: fsevents@1.2.11 (node_modules/watchpack/node_modules/fsevents):
npm WARN optional SKIPPING OPTIONAL DEPENDENCY: fsevents@1.2.11 install: `node-gyp rebuild`
npm WARN optional SKIPPING OPTIONAL DEPENDENCY: Exit status 1

+ @nuxtjs/google-analytics@2.2.3
added 2 packages from 1 contributor and audited 10400 packages in 29.278s

37 packages are looking for funding
  run `npm fund` for details

found 43 moderate severity vulnerabilities
  run `npm audit fix` to fix them, or `npm audit` for details
irff@MacBook-Air-de-Irving event-u % git add .
irff@MacBook-Air-de-Irving event-u % git commit -m "adding Google Analytics as a dependency"
[master 3b634c6] adding Google Analytics as a dependency
 2 files changed, 14 insertions(+)
irff@MacBook-Air-de-Irving event-u % git push origin master
Enumerating objects: 9, done.
Counting objects: 100% (9/9), done.
Delta compression using up to 4 threads
Compressing objects: 100% (5/5), done.
Writing objects: 100% (5/5), 797 bytes | 797.00 KiB/s, done.
Total 5 (delta 4), reused 0 (delta 0)
remote: Resolving deltas: 100% (4/4), completed with 4 local objects.
remote: 
remote: GitHub found 1 vulnerability on Event-U/front-end-master's default branch (1 moderate). To find out more, visit:
remote:      https://github.com/Event-U/front-end-master/network/alerts
remote: 
To https://github.com/Event-U/front-end-master.git
   f1a89ba..3b634c6  master -> master
irff@MacBook-Air-de-Irving event-u % cd ..
irff@MacBook-Air-de-Irving front-end-master % git add .
irff@MacBook-Air-de-Irving front-end-master % git commit -m 'Adding Google Analytics as a dependencie '
On branch master
Your branch is up to date with 'origin/master'.

nothing to commit, working tree clean
irff@MacBook-Air-de-Irving front-end-master % git push origin master
Everything up-to-date
irff@MacBook-Air-de-Irving front-end-master % npm install @nuxtjs/google-analytics npm WARN saveError ENOENT: no such file or directory, open '/Users/irff/Desktop/paralanube/OneDrive/kode-mia/Event-u/Desarrollo/front-end-master/package.json'
npm WARN enoent ENOENT: no such file or directory, open '/Users/irff/Desktop/paralanube/OneDrive/kode-mia/Event-u/Desarrollo/front-end-master/package.json'
npm WARN sass-loader@8.0.2 requires a peer of webpack@^4.36.0 || ^5.0.0 but none is installed. You must install peer dependencies yourself.
npm WARN front-end-master No description
npm WARN front-end-master No repository field.
npm WARN front-end-master No README data
npm WARN front-end-master No license field.

+ @nuxtjs/google-analytics@2.2.3
updated 1 package and audited 1824 packages in 5.284s

5 packages are looking for funding
  run `npm fund` for details

found 20 moderate severity vulnerabilities
  run `npm audit fix` to fix them, or `npm audit` for details
irff@MacBook-Air-de-Irving front-end-master % git add .
irff@MacBook-Air-de-Irving front-end-master % git commit -m "Adding a name in Vuex"
[master f1b9405] Adding a name in Vuex
 1 file changed, 1 insertion(+), 1 deletion(-)
irff@MacBook-Air-de-Irving front-end-master % npm run dev
npm ERR! code ENOENT
npm ERR! syscall open
npm ERR! path /Users/irff/Desktop/paralanube/OneDrive/kode-mia/Event-u/Desarrollo/front-end-master/package.json
npm ERR! errno -2
npm ERR! enoent ENOENT: no such file or directory, open '/Users/irff/Desktop/paralanube/OneDrive/kode-mia/Event-u/Desarrollo/front-end-master/package.json'
npm ERR! enoent This is related to npm not being able to find a file.
npm ERR! enoent 

npm ERR! A complete log of this run can be found in:
npm ERR!     /Users/irff/.npm/_logs/2020-03-18T02_04_06_515Z-debug.log
irff@MacBook-Air-de-Irving front-end-master % git push origin master
Enumerating objects: 11, done.
Counting objects: 100% (11/11), done.
Delta compression using up to 4 threads
Compressing objects: 100% (6/6), done.
Writing objects: 100% (6/6), 505 bytes | 505.00 KiB/s, done.
Total 6 (delta 5), reused 0 (delta 0)
remote: Resolving deltas: 100% (5/5), completed with 5 local objects.
remote: 
remote: GitHub found 3 vulnerabilities on Event-U/front-end-master's default branch (3 moderate). To find out more, visit:
remote:      https://github.com/Event-U/front-end-master/network/alerts
remote: 
To https://github.com/Event-U/front-end-master.git
   3b634c6..f1b9405  master -> master
irff@MacBook-Air-de-Irving front-end-master % npm install @nuxtjs/style-resource[1;


